// Jest Snapshot v1, https://goo.gl/fbAQLP

exports[`<Showcase /> should render the heading 1`] = `
<div
  class="emotion-0 emotion-1"
>
  <h1>
    Showcase
  </h1>
</div>
`;
