// Jest Snapshot v1, https://goo.gl/fbAQLP

exports[`<Button /> should render the medium size by default 1`] = `
.emotion-0 {
  padding: 0.8rem;
  color: #FAFAFA;
  cursor: pointer;
  background: linear-gradient(180deg, #ff5f5f 0%, #f062c0 50%);
  border: 0;
  border-radius: 0.4rem;
  height: 4rem;
  padding: 0.8rem 3.2rem;
  font-size: 1.4rem;
}

<button
  class="emotion-0 emotion-1"
>
  <span>
    Won Games
  </span>
</button>
`;
