// Jest Snapshot v1, https://goo.gl/fbAQLP

exports[`<Main /> should render the heading 1`] = `
.emotion-0 {
  padding: 1em;
}

<main
  class="emotion-0 emotion-1"
>
  <h1>
    Boilerplate setup
  </h1>
</main>
`;
